Yes
1 13
13 1
1 16
16 20
16 19
13 17
17 15
19 14
15 10
14 9
10 8
9 7
8 6
7 5
6 4
5 3
4 2
20 11
16 12
3 18
